[backblue.gif]
[fade.gif]
[index.html]
[recruit.ehyundai.com/js/jquery-1.8.2.min.js]
[recruit.ehyundai.com/js/hyundai.js]
[recruit.ehyundai.com/js/jquery.isotope.js]
[recruit.ehyundai.com/js/bootstrap.js]
[recruit.ehyundai.com/js/jquery.easing.1.3.js]
[recruit.ehyundai.com/js/jquery.ez.validation-0.1.8.js]
[recruit.ehyundai.com/js/jquery-ui.js]
[recruit.ehyundai.com/js/jquery.ui.datepicker-ko.js]
[recruit.ehyundai.com/js/jquery.fileupload.js]
[recruit.ehyundai.com/js/jquery.form.min.js]
[recruit.ehyundai.com/js/TweenMax.js]
[recruit.ehyundai.com/images/btn/laypop_xbt.gif]
[cdn.channel.io/plugin/ch-plugin-web.js]
[recruit.ehyundai.com/images/txt/lypop_guide_txt1.gif]
[recruit.ehyundai.com/images/logo.png]
[recruit.ehyundai.com/images/btn/gnb1.png]
[recruit.ehyundai.com/images/btn/gnb2.png]
[recruit.ehyundai.com/images/btn/gnb3.png]
[recruit.ehyundai.com/images/btn/gnb4.png]
[recruit.ehyundai.com/images/btn/gnb5.png]
[recruit.ehyundai.com/images/btn/sitemap_bt.gif]
[recruit.ehyundai.com/images/icon/2depthImg1_1.png]
[recruit.ehyundai.com/images/icon/2depthImg1_2.png]
[recruit.ehyundai.com/images/icon/2depthImg1_3.png]
[recruit.ehyundai.com/images/icon/2depthImg1_4.png]
[recruit.ehyundai.com/images/icon/2depthImg1_5.png]
[recruit.ehyundai.com/images/title/sitemapTit1.gif]
[recruit.ehyundai.com/images/title/sitemapTit2.gif]
[recruit.ehyundai.com/images/title/sitemapTit3.gif]
[recruit.ehyundai.com/images/title/sitemapTit4.gif]
[recruit.ehyundai.com/images/title/sitemapTit5.gif]
[recruit.ehyundai.com/images/title/sitemapTit7.gif]
[recruit.ehyundai.com/images/btn/sitemap_bt_on.gif]
[recruit.ehyundai.com/images/icon/path_home.gif]
[recruit.ehyundai.com/images/txt/faqTxt1.png]
[recruit.ehyundai.com/images/btn/newsrchlist_bt.gif]
[recruit.ehyundai.com/images/btn/newrefrshlist_bt.gif]
[recruit.ehyundai.com/images/txt/faqTxt2.png]
[recruit.ehyundai.com/images/icon/faq_open.gif]
[recruit.ehyundai.com/js/rc/rcb/RCBFaqD.js]
[recruit.ehyundai.com/images/icon/WA_mark_2019.jpg]
[www.google-analytics.com/analytics.js]
[recruit.ehyundai.com/inquiry/faq/list.html]
[recruit.ehyundai.com/images/btn/whtbt30bg.gif]
[recruit.ehyundai.com/images/btn/whtbt35bg.gif]
[recruit.ehyundai.com/images/btn/whtbt45bg.gif]
[recruit.ehyundai.com/images/btn/grnbt30bg.gif]
[recruit.ehyundai.com/images/btn/grnbt35bg.gif]
[recruit.ehyundai.com/images/btn/grnbt45bg.gif]
[recruit.ehyundai.com/images/btn/grnbt95bg.gif]
[recruit.ehyundai.com/images/btn/grybt30bg.gif]
[recruit.ehyundai.com/images/btn/blkbt45bg.gif]
[recruit.ehyundai.com/images/btn/blkbt30bg.gif]
[recruit.ehyundai.com/images/icon/tit_icon1.gif]
[recruit.ehyundai.com/images/icon/txt_icon1.gif]
[recruit.ehyundai.com/images/icon/txt_icon2.gif]
[recruit.ehyundai.com/images/icon/dot3x3.gif]
[recruit.ehyundai.com/images/icon/gnb_bg.gif]
[recruit.ehyundai.com/images/icon/gnb_twoicon.png]
[recruit.ehyundai.com/images/icon/gnbBg.gif]
[recruit.ehyundai.com/images/icon/renewalBg.jpg]
[recruit.ehyundai.com/images/icon/main_v1.jpg]
[recruit.ehyundai.com/images/icon/main_v1_b.jpg]
[recruit.ehyundai.com/images/icon/main_v2_b.jpg]
[recruit.ehyundai.com/images/icon/main_v3_b.jpg]
[recruit.ehyundai.com/images/icon/main_v4_b.jpg]
[recruit.ehyundai.com/images/icon/main_con_bg.png]
[recruit.ehyundai.com/images/icon/main_con_icon1.png]
[recruit.ehyundai.com/images/icon/main_con_icon2.png]
[recruit.ehyundai.com/images/icon/main_con_icon3.png]
[recruit.ehyundai.com/images/icon/main_con_icon4.png]
[recruit.ehyundai.com/images/icon/main_con_icon5.png]
[recruit.ehyundai.com/images/icon/main_con_icon6.png]
[recruit.ehyundai.com/images/icon/main_con_icon7.png]
[recruit.ehyundai.com/images/icon/main_con_icon8.png]
[recruit.ehyundai.com/images/icon/main_con_icon9.png]
[recruit.ehyundai.com/images/icon/main_con_icon10.png]
[recruit.ehyundai.com/images/icon/main_con_icon11.png]
[recruit.ehyundai.com/images/icon/main_con_icon12.png]
[recruit.ehyundai.com/images/icon/main_con_icon13.png]
[recruit.ehyundai.com/images/icon/main_con_icon14.png]
[recruit.ehyundai.com/images/icon/main_con_icon15.png]
[recruit.ehyundai.com/images/icon/main_con_icon16.png]
[recruit.ehyundai.com/images/icon/main_con_icon1_on.png]
[recruit.ehyundai.com/images/icon/main_con_icon2_on.png]
[recruit.ehyundai.com/images/icon/main_con_icon3_on.png]
[recruit.ehyundai.com/images/icon/main_con_icon4_on.png]
[recruit.ehyundai.com/images/icon/main_con_icon5_on.png]
[recruit.ehyundai.com/images/icon/main_con_icon6_on.png]
[recruit.ehyundai.com/images/icon/main_con_icon7_on.png]
[recruit.ehyundai.com/images/icon/main_con_icon8_on.png]
[recruit.ehyundai.com/images/icon/main_con_icon9_on.png]
[recruit.ehyundai.com/images/icon/main_con_icon10_on.png]
[recruit.ehyundai.com/images/icon/main_con_icon11_on.png]
[recruit.ehyundai.com/images/icon/main_con_icon12_on.png]
[recruit.ehyundai.com/images/icon/main_con_icon13_on.png]
[recruit.ehyundai.com/images/icon/main_con_icon14_on.png]
[recruit.ehyundai.com/images/icon/main_con_icon15_on.png]
[recruit.ehyundai.com/images/icon/main_con_icon16_on.png]
[recruit.ehyundai.com/images/icon/main_con_bg_on.png]
[recruit.ehyundai.com/images/icon/main_con_icon1_on2.png]
[recruit.ehyundai.com/images/icon/main_con_icon2_on2.png]
[recruit.ehyundai.com/images/icon/main_con_icon3_on2.png]
[recruit.ehyundai.com/images/icon/main_con_icon4_on2.png]
[recruit.ehyundai.com/images/icon/main_con_icon5_on2.png]
[recruit.ehyundai.com/images/icon/main_con_icon6_on2.png]
[recruit.ehyundai.com/images/icon/main_con_icon7_on2.png]
[recruit.ehyundai.com/images/icon/main_con_icon8_on2.png]
[recruit.ehyundai.com/images/icon/main_con_icon9_on2.png]
[recruit.ehyundai.com/images/icon/main_con_icon10_on2.png]
[recruit.ehyundai.com/images/icon/main_con_icon11_on2.png]
[recruit.ehyundai.com/images/icon/main_con_icon12_on2.png]
[recruit.ehyundai.com/images/icon/main_con_icon13_on2.png]
[recruit.ehyundai.com/images/icon/main_con_icon14_on2.png]
[recruit.ehyundai.com/images/icon/main_con_icon15_on2.png]
[recruit.ehyundai.com/images/icon/main_con_icon16_on2.png]
[recruit.ehyundai.com/images/icon/play_stop_bar.gif]
[recruit.ehyundai.com/images/btn/main_con_bt.png]
[recruit.ehyundai.com/images/btn/main_con_bt_n.png]
[recruit.ehyundai.com/images/btn/main_con_bt_c.png]
[recruit.ehyundai.com/images/icon/main_con2_bg.png]
[recruit.ehyundai.com/images/btn/main_noti_bt.png]
[recruit.ehyundai.com/images/icon/line33x2.gif]
[recruit.ehyundai.com/images/icon/intro3_tal_img1.png]
[recruit.ehyundai.com/images/icon/intro3_tal_img2.png]
[recruit.ehyundai.com/images/icon/intro3_tal_img3.png]
[recruit.ehyundai.com/images/icon/intro3_tal_img4.png]
[recruit.ehyundai.com/images/icon/tab1_bg.gif]
[recruit.ehyundai.com/images/icon/bar1x13.gif]
[recruit.ehyundai.com/images/icon/tab2_icon.gif]
[recruit.ehyundai.com/images/icon/tab3.gif]
[recruit.ehyundai.com/images/icon/tab3_on.gif]
[recruit.ehyundai.com/images/icon/tab4_bg.gif]
[recruit.ehyundai.com/images/icon/tab4.gif]
[recruit.ehyundai.com/images/icon/tab4_on.gif]
[recruit.ehyundai.com/images/icon/tab5_on.gif]
[recruit.ehyundai.com/images/icon/tab6bg.gif]
[recruit.ehyundai.com/images/icon/welfare_txtbg.png]
[recruit.ehyundai.com/images/icon/welfare_btbg.png]
[recruit.ehyundai.com/images/icon/lnbbg.gif]
[recruit.ehyundai.com/images/icon/lnbbg_on.gif]
[recruit.ehyundai.com/images/icon/lnb_twobg.gif]
[recruit.ehyundai.com/images/icon/lnbbg2.gif]
[recruit.ehyundai.com/images/icon/rcrtlist_subv_img.jpg]
[recruit.ehyundai.com/images/icon/rcrt1prc1_subv_img.jpg]
[recruit.ehyundai.com/images/icon/vision_subv_img.jpg]
[recruit.ehyundai.com/images/icon/culture_img.jpg]
[recruit.ehyundai.com/images/icon/ethics_subvimg.jpg]
[recruit.ehyundai.com/images/icon/apply_pro_bg1.gif]
[recruit.ehyundai.com/images/icon/apply_pro_bg2.gif]
[recruit.ehyundai.com/images/icon/apply_pro_bg3.gif]
[recruit.ehyundai.com/images/icon/apply_pro_bg4.gif]
[recruit.ehyundai.com/images/icon/apply_pro_bg5.gif]
[recruit.ehyundai.com/images/icon/apply_pro_icon1.png]
[recruit.ehyundai.com/images/icon/apply_pro_icon2.png]
[recruit.ehyundai.com/images/icon/apply_pro_icon3.png]
[recruit.ehyundai.com/images/icon/apply_pro_icon4.png]
[recruit.ehyundai.com/images/icon/apply_pro_icon5.png]
[recruit.ehyundai.com/images/icon/apply_pro_icon6.png]
[recruit.ehyundai.com/images/icon/apply_proc_bg1.gif]
[recruit.ehyundai.com/images/icon/apply_proc_bg2.gif]
[recruit.ehyundai.com/images/icon/apply_proc_bg3.gif]
[recruit.ehyundai.com/images/icon/apply_proc_bg4.gif]
[recruit.ehyundai.com/images/icon/apply_pro_icon7.png]
[recruit.ehyundai.com/images/icon/apply_pro_icon8.png]
[recruit.ehyundai.com/images/icon/apply_pror_bg1.gif]
[recruit.ehyundai.com/images/icon/apply_pror_bg2.gif]
[recruit.ehyundai.com/images/icon/apply_pror_bg3.gif]
[recruit.ehyundai.com/images/icon/apply_pro_icon9.png]
[recruit.ehyundai.com/images/icon/new_srch_listbg.jpg]
[recruit.ehyundai.com/images/icon/new_srch_listbg2.jpg]
[recruit.ehyundai.com/images/icon/newsrch_listinput.png]
[recruit.ehyundai.com/images/icon/check_icon.png]
[recruit.ehyundai.com/images/icon/login_bg.jpg]
[recruit.ehyundai.com/images/icon/warn_icon1.png]
[recruit.ehyundai.com/images/txt/joinpro_txt1.gif]
[recruit.ehyundai.com/images/txt/joinpro_txt2.gif]
[recruit.ehyundai.com/images/txt/joinpro_txt3.gif]
[recruit.ehyundai.com/images/icon/join_icon1.gif]
[recruit.ehyundai.com/images/icon/join_icon2.gif]
[recruit.ehyundai.com/images/icon/join_icon3.gif]
[recruit.ehyundai.com/images/icon/join_icon4.gif]
[recruit.ehyundai.com/images/icon/join_icon1_on.gif]
[recruit.ehyundai.com/images/icon/join_icon2_on.gif]
[recruit.ehyundai.com/images/icon/join_icon3_on.gif]
[recruit.ehyundai.com/images/icon/join_icon4_on.gif]
[recruit.ehyundai.com/images/icon/profile_picnoimg.gif]
[recruit.ehyundai.com/images/btn/regpic_bt.gif]
[recruit.ehyundai.com/images/icon/tit_bg3.gif]
[recruit.ehyundai.com/images/icon/intro_gatevisual.jpg]
[recruit.ehyundai.com/images/icon/gate_titbg.png]
[recruit.ehyundai.com/images/icon/role_tit_bg.gif]
[recruit.ehyundai.com/images/icon/role_tit2_bg.gif]
[recruit.ehyundai.com/images/icon/introimg1.jpg]
[recruit.ehyundai.com/images/icon/introimg2.jpg]
[recruit.ehyundai.com/images/icon/introimg3.jpg]
[recruit.ehyundai.com/images/icon/introimg11.jpg]
[recruit.ehyundai.com/images/icon/introimg4.jpg]
[recruit.ehyundai.com/images/icon/introimg5.jpg]
[recruit.ehyundai.com/images/icon/introimg6.jpg]
[recruit.ehyundai.com/images/icon/introimg7.jpg]
[recruit.ehyundai.com/images/icon/introimg8.jpg]
[recruit.ehyundai.com/images/icon/introimg9.jpg]
[recruit.ehyundai.com/images/icon/introimg10.jpg]
[recruit.ehyundai.com/images/icon/introimg12.jpg]
[recruit.ehyundai.com/images/icon/introimg13.jpg]
[recruit.ehyundai.com/images/icon/introimg14.jpg]
[recruit.ehyundai.com/images/icon/introimg15.jpg]
[recruit.ehyundai.com/images/icon/introimg16.jpg]
[recruit.ehyundai.com/images/txt/intro3_role1it.gif]
[recruit.ehyundai.com/images/txt/intro15_role1it.gif]
[recruit.ehyundai.com/images/icon/introroll_txtbg.png]
[recruit.ehyundai.com/images/icon/introinfo_txtbg.png]
[recruit.ehyundai.com/images/icon/history_bg.png]
[recruit.ehyundai.com/images/icon/history_bg2.png]
[recruit.ehyundai.com/images/icon/history_bg3.png]
[recruit.ehyundai.com/images/icon/history_icon.png]
[recruit.ehyundai.com/images/txt/ethics_img2.gif]
[recruit.ehyundai.com/images/txt/ethics_img1.gif]
[recruit.ehyundai.com/images/icon/society_bg1.png]
[recruit.ehyundai.com/images/icon/society_bg2.png]
[recruit.ehyundai.com/images/icon/society_bg3.png]
[recruit.ehyundai.com/images/icon/society_icon.png]
[recruit.ehyundai.com/images/txt/vision_txt2.jpg]
[recruit.ehyundai.com/images/txt/vision_txt3.gif]
[recruit.ehyundai.com/images/icon/intro_sys_tit.gif]
[recruit.ehyundai.com/images/icon/intro_sys_rank.jpg]
[recruit.ehyundai.com/images/icon/intro2_sys_rank.jpg]
[recruit.ehyundai.com/images/icon/intro3_sys_rank.jpg]
[recruit.ehyundai.com/images/icon/intro4_sys_rank.jpg]
[recruit.ehyundai.com/images/icon/intro5_sys_rank.jpg]
[recruit.ehyundai.com/images/icon/intro6_sys_rank.jpg]
[recruit.ehyundai.com/images/icon/intro7_sys_rank.jpg]
[recruit.ehyundai.com/images/icon/intro8_1_sys_rank.jpg]
[recruit.ehyundai.com/images/icon/intro8_2_sys_rank.jpg]
[recruit.ehyundai.com/images/icon/intro9_sys_rank.jpg]
[recruit.ehyundai.com/images/icon/intro10_sys_rank.jpg]
[recruit.ehyundai.com/images/icon/intro14_1_sys_rank.jpg]
[recruit.ehyundai.com/images/icon/intro14_2_sys_rank.jpg]
[recruit.ehyundai.com/images/icon/intro16_sys_rank.jpg]
[recruit.ehyundai.com/images/icon/intro_bg.gif]
[recruit.ehyundai.com/images/loginlogo.gif]
[recruit.ehyundai.com/images/icon/loginput_bg2.jpg]
[recruit.ehyundai.com/images/icon/loginput_bg1.jpg]
[recruit.ehyundai.com/images/icon/checkimg.gif]
[recruit.ehyundai.com/images/icon/500error_img.gif]
[recruit.ehyundai.com/images/txt/rec1_proc1.gif]
[recruit.ehyundai.com/images/txt/rec1_proc2.gif]
[recruit.ehyundai.com/images/txt/rec1_proc3.gif]
[recruit.ehyundai.com/images/txt/rec2_proc1.gif]
[recruit.ehyundai.com/images/txt/rec2_proc2.gif]
[recruit.ehyundai.com/images/txt/rec2_proc3.gif]
[recruit.ehyundai.com/images/txt/rec3_proc1.gif]
[recruit.ehyundai.com/images/txt/rec3_proc2.gif]
[recruit.ehyundai.com/images/txt/rec3_proc3.gif]
[recruit.ehyundai.com/images/txt/rec3_proc4.gif]
[recruit.ehyundai.com/images/txt/rec3_proc5.gif]
[recruit.ehyundai.com/images/txt/rec4_proc1.gif]
[recruit.ehyundai.com/images/txt/rec4_proc2.gif]
[recruit.ehyundai.com/images/txt/rec4_proc3.gif]
[recruit.ehyundai.com/images/txt/rec4_proc4.gif]
[recruit.ehyundai.com/images/txt/rec5_proc1.gif]
[recruit.ehyundai.com/images/txt/rec5_proc2.gif]
[recruit.ehyundai.com/images/txt/rec5_proc3.gif]
[recruit.ehyundai.com/images/txt/rec6_proc1.gif]
[recruit.ehyundai.com/images/txt/rec6_proc2.gif]
[recruit.ehyundai.com/images/txt/rec6_proc3.gif]
[recruit.ehyundai.com/images/txt/rec6_proc4.gif]
[recruit.ehyundai.com/images/txt/rec7_proc1.gif]
[recruit.ehyundai.com/images/txt/rec7_proc2.gif]
[recruit.ehyundai.com/images/txt/rec8_proc1.gif]
[recruit.ehyundai.com/images/txt/rec8_proc2.gif]
[recruit.ehyundai.com/images/txt/rec8_proc3.gif]
[recruit.ehyundai.com/images/txt/rec9_proc1.gif]
[recruit.ehyundai.com/images/txt/rec9_proc2.gif]
[recruit.ehyundai.com/images/txt/rec9_proc3.gif]
[recruit.ehyundai.com/images/txt/rec10_proc1.gif]
[recruit.ehyundai.com/images/txt/rec10_proc2.gif]
[recruit.ehyundai.com/images/txt/rec10_proc3.gif]
[recruit.ehyundai.com/images/txt/rec10_proc4.gif]
[recruit.ehyundai.com/images/txt/rec11_proc1.gif]
[recruit.ehyundai.com/images/txt/rec11_proc2.gif]
[recruit.ehyundai.com/images/txt/rec11_proc3.gif]
[recruit.ehyundai.com/images/txt/rec12_proc1.gif]
[recruit.ehyundai.com/images/txt/rec12_proc2.gif]
[recruit.ehyundai.com/images/txt/rec13_proc1.gif]
[recruit.ehyundai.com/images/txt/rec13_proc2.gif]
[recruit.ehyundai.com/images/txt/rec13_proc3.gif]
[recruit.ehyundai.com/images/txt/rec14_proc1.gif]
[recruit.ehyundai.com/images/txt/rec14_proc2.gif]
[recruit.ehyundai.com/images/txt/rec15_proc1.gif]
[recruit.ehyundai.com/images/txt/rec15_proc2.gif]
[recruit.ehyundai.com/images/icon/group_bticon.png]
[recruit.ehyundai.com/images/icon/emaild_icon.gif]
[recruit.ehyundai.com/images/icon/notice_icon.png]
[recruit.ehyundai.com/images/icon/recruitlist_icon1.gif]
[recruit.ehyundai.com/images/icon/recruitlist_icon2.gif]
[recruit.ehyundai.com/images/icon/recruitlist_icon3.gif]
[recruit.ehyundai.com/images/icon/recruitlist_icon4.gif]
[recruit.ehyundai.com/images/icon/recruitlist_icon5.gif]
[recruit.ehyundai.com/images/icon/recruitlist_icon6.gif]
[recruit.ehyundai.com/images/icon/recruitlist_icon7.gif]
[recruit.ehyundai.com/images/icon/recruitlist_icon8.gif]
[recruit.ehyundai.com/images/icon/recruitlist_icon9.gif]
[recruit.ehyundai.com/images/icon/recruitlist_icon10.gif]
[recruit.ehyundai.com/images/icon/recruitlist_icon11.gif]
[recruit.ehyundai.com/images/icon/recruitlist_icon12.gif]
[recruit.ehyundai.com/images/icon/recruitlist_icon13.gif]
[recruit.ehyundai.com/images/icon/recruitlist_icon14.gif]
[recruit.ehyundai.com/images/icon/recruitlist_icon15.gif]
[recruit.ehyundai.com/images/icon/recruitlist_icon16.gif]
[recruit.ehyundai.com/images/icon/listview_fileicon.gif]
[recruit.ehyundai.com/images/icon/boardtype3_br.gif]
[recruit.ehyundai.com/images/icon/view_icon1.png]
[recruit.ehyundai.com/images/icon/view_icon1_on.png]
[recruit.ehyundai.com/images/btn/db_regi_bt1_fir.png]
[recruit.ehyundai.com/images/btn/db_regi_bt2_fir.png]
[recruit.ehyundai.com/images/btn/db_regi_bt3_fir.png]
[recruit.ehyundai.com/images/btn/db_regi_bt4_fir.png]
[recruit.ehyundai.com/images/btn/db_regi_bt5_fir.png]
[recruit.ehyundai.com/images/btn/db_regi_bt6_fir.png]
[recruit.ehyundai.com/images/btn/db_regi_bt7_fir.png]
[recruit.ehyundai.com/images/btn/db_regi_bt8_fir.png]
[recruit.ehyundai.com/images/btn/db_regi_bt9_fir.png]
[recruit.ehyundai.com/images/btn/db_regi_bt10_fir.png]
[recruit.ehyundai.com/images/btn/db_regi_bt11_fir.png]
[recruit.ehyundai.com/images/btn/db_regi_bt12_fir.png]
[recruit.ehyundai.com/images/btn/db_regi_bt13_fir.png]
[recruit.ehyundai.com/images/btn/db_regi_bt14_fir.png]
[recruit.ehyundai.com/images/btn/db_regi_bt15_fir.png]
[recruit.ehyundai.com/images/btn/db_regi_bt16_fir.png]
[recruit.ehyundai.com/images/btn/db_regi_bt1_on.png]
[recruit.ehyundai.com/images/btn/db_regi_bt2_on.png]
[recruit.ehyundai.com/images/btn/db_regi_bt3_on.png]
[recruit.ehyundai.com/images/btn/db_regi_bt4_on.png]
[recruit.ehyundai.com/images/btn/db_regi_bt5_on.png]
[recruit.ehyundai.com/images/btn/db_regi_bt6_on.png]
[recruit.ehyundai.com/images/btn/db_regi_bt7_on.png]
[recruit.ehyundai.com/images/btn/db_regi_bt8_on.png]
[recruit.ehyundai.com/images/btn/db_regi_bt9_on.png]
[recruit.ehyundai.com/images/btn/db_regi_bt10_on.png]
[recruit.ehyundai.com/images/btn/db_regi_bt11_on.png]
[recruit.ehyundai.com/images/btn/db_regi_bt12_on.png]
[recruit.ehyundai.com/images/btn/db_regi_bt13_on.png]
[recruit.ehyundai.com/images/btn/db_regi_bt14_on.png]
[recruit.ehyundai.com/images/btn/db_regi_bt15_on.png]
[recruit.ehyundai.com/images/btn/db_regi_bt16_on.png]
[recruit.ehyundai.com/images/btn/db_regi_bt1.png]
[recruit.ehyundai.com/images/btn/db_regi_bt2.png]
[recruit.ehyundai.com/images/btn/db_regi_bt3.png]
[recruit.ehyundai.com/images/btn/db_regi_bt4.png]
[recruit.ehyundai.com/images/btn/db_regi_bt5.png]
[recruit.ehyundai.com/images/btn/db_regi_bt6.png]
[recruit.ehyundai.com/images/btn/db_regi_bt7.png]
[recruit.ehyundai.com/images/btn/db_regi_bt8.png]
[recruit.ehyundai.com/images/btn/db_regi_bt9.png]
[recruit.ehyundai.com/images/btn/db_regi_bt10.png]
[recruit.ehyundai.com/images/btn/db_regi_bt11.png]
[recruit.ehyundai.com/images/btn/db_regi_bt12.png]
[recruit.ehyundai.com/images/btn/db_regi_bt13.png]
[recruit.ehyundai.com/images/btn/db_regi_bt14.png]
[recruit.ehyundai.com/images/btn/db_regi_bt15.png]
[recruit.ehyundai.com/images/btn/db_regi_bt16.png]
[recruit.ehyundai.com/images/icon/numbering_icon.png]
[recruit.ehyundai.com/images/icon/preview_icon1.gif]
[recruit.ehyundai.com/images/icon/preview_icon2.gif]
[recruit.ehyundai.com/images/icon/faq_q_on.gif]
[recruit.ehyundai.com/images/icon/faq_q.png]
[recruit.ehyundai.com/images/icon/faq_a.png]
[recruit.ehyundai.com/images/icon/footer_txtbg.gif]
[recruit.ehyundai.com/images/popup/popbg.gif]
[recruit.ehyundai.com/images/icon/dbinfo_img.jpg]
[recruit.ehyundai.com/images/icon/check_icon3.png]
[recruit.ehyundai.com/images/icon/pic_checktxt_bg.png]
[recruit.ehyundai.com/images/icon/pic_checktxt_bg2.png]
[recruit.ehyundai.com/images/icon/pic_checktxt_bg3.png]
[recruit.ehyundai.com/images/icon/lypop_bg.png]
[recruit.ehyundai.com/images/campre/campre_a_logo.gif]
[recruit.ehyundai.com/images/campre/campre_a_hbt.gif]
[recruit.ehyundai.com/images/campre/campre_a_visual.jpg]
[recruit.ehyundai.com/images/campre/campre_a_conbt1.gif]
[recruit.ehyundai.com/images/campre/campre_a_conbt2.gif]
[recruit.ehyundai.com/images/campre/campre_a_conbt3.gif]
[recruit.ehyundai.com/images/campre/crfooter_txtbg.gif]
[recruit.ehyundai.com/images/campre/campre_b_visual.jpg]
[recruit.ehyundai.com/images/campre/campre_b_conbt1.jpg]
[recruit.ehyundai.com/images/campre/campre_b_conbt2.jpg]
[recruit.ehyundai.com/images/campre/campre_b_conbt3.jpg]
[recruit.ehyundai.com/images/campre/campre_b_conbt1_on.jpg]
[recruit.ehyundai.com/images/campre/campre_b_conbt2_on.jpg]
[recruit.ehyundai.com/images/campre/campre_b_conbt3_on.jpg]
[recruit.ehyundai.com/images/campre/campre_c_logo.gif]
[recruit.ehyundai.com/images/campre/campre_c_hbt.gif]
[recruit.ehyundai.com/images/campre/campre_c_visual.jpg]
[recruit.ehyundai.com/images/campre/campre_c_conbt1.gif]
[recruit.ehyundai.com/images/campre/campre_c_conbt2.gif]
[recruit.ehyundai.com/images/campre/campre_c_conbt3.gif]
[recruit.ehyundai.com/images/campre/campre_sub1_tit1.gif]
[recruit.ehyundai.com/images/campre/campre_sub2_tit1.gif]
[recruit.ehyundai.com/images/campre/campre_sub3_tit1.gif]
[recruit.ehyundai.com/images/campre/campre_sub1_menu1.gif]
[recruit.ehyundai.com/images/campre/campre_sub1_menu2.gif]
[recruit.ehyundai.com/images/campre/campre_sub1_menu3.gif]
[recruit.ehyundai.com/images/campre/campre_sub1_menu1_on.gif]
[recruit.ehyundai.com/images/campre/campre_sub1_menu2_on.gif]
[recruit.ehyundai.com/images/campre/campre_sub1_menu3_on.gif]
[recruit.ehyundai.com/images/campre/campre_sub1_firtxt0.gif]
[recruit.ehyundai.com/images/campre/campre_sub1_firtxt1.gif]
[recruit.ehyundai.com/images/campre/campre_sub1_sectxt1.gif]
[recruit.ehyundai.com/images/campre/campre_sub1_thrtxt1.gif]
[recruit.ehyundai.com/images/campre/crSub_a_tit.gif]
[recruit.ehyundai.com/images/campre/campre_sub_icon1.gif]
[recruit.ehyundai.com/images/campre/camre_dot1.gif]
[recruit.ehyundai.com/images/campre/campre_sub1_tit2.gif]
[recruit.ehyundai.com/images/campre/campre_sub2_tit2.gif]
[recruit.ehyundai.com/images/campre/campre_sub3_tit2.gif]
[recruit.ehyundai.com/images/campre/campre_sub2_menu1.gif]
[recruit.ehyundai.com/images/campre/campre_sub2_menu2.gif]
[recruit.ehyundai.com/images/campre/campre_sub2_menu3.gif]
[recruit.ehyundai.com/images/campre/campre_sub2_menu1_on.gif]
[recruit.ehyundai.com/images/campre/campre_sub2_menu2_on.gif]
[recruit.ehyundai.com/images/campre/campre_sub2_menu3_on.gif]
[recruit.ehyundai.com/images/campre/campreb_sub_bot.gif]
[recruit.ehyundai.com/images/campre/campreb_sub_bot2.gif]
[recruit.ehyundai.com/images/campre/campreb_sub_bot3.gif]
[recruit.ehyundai.com/images/campre/campre_sub2_firtxt1.gif]
[recruit.ehyundai.com/images/campre/campre_sub2_sectxt1.gif]
[recruit.ehyundai.com/images/campre/campre_sub2_thrtxt1.gif]
[recruit.ehyundai.com/images/campre/crSub_b_tit.gif]
[recruit.ehyundai.com/images/campre/campre_sub1_tit3.gif]
[recruit.ehyundai.com/images/campre/campre_sub2_tit3.gif]
[recruit.ehyundai.com/images/campre/campre_sub3_tit3.gif]
[recruit.ehyundai.com/images/campre/crSub_c_lnbbg.jpg]
[recruit.ehyundai.com/images/campre/campre_sub3_menu1.gif]
[recruit.ehyundai.com/images/campre/campre_sub3_menu2.gif]
[recruit.ehyundai.com/images/campre/campre_sub3_menu3.gif]
[recruit.ehyundai.com/images/campre/campre_sub3_menu1_on.gif]
[recruit.ehyundai.com/images/campre/campre_sub3_menu2_on.gif]
[recruit.ehyundai.com/images/campre/campre_sub3_menu3_on.gif]
[recruit.ehyundai.com/images/campre/campre_sub3_firtxt1.gif]
[recruit.ehyundai.com/images/campre/campre_sub3_sectxt1.gif]
[recruit.ehyundai.com/images/campre/campre_sub3_thrtxt1.gif]
[recruit.ehyundai.com/images/campre/crSub_c_tit.gif]
[recruit.ehyundai.com/images/icon/main_v2.jpg]
[recruit.ehyundai.com/images/icon/main_v3.jpg]
[recruit.ehyundai.com/images/icon/main_v4.jpg]
[recruit.ehyundai.com/images/icon/apply_pro_bg1_t2.gif]
[recruit.ehyundai.com/images/icon/apply_pro_bg2_t2.gif]
[recruit.ehyundai.com/images/icon/apply_pro_bg3_t2.gif]
[recruit.ehyundai.com/images/icon/apply_pro_bg4_t2.gif]
[recruit.ehyundai.com/images/icon/apply_pro_bg5_t2.gif]
[recruit.ehyundai.com/images/icon/apply_proc_bg1_t2.gif]
[recruit.ehyundai.com/images/icon/apply_proc_bg2_t2.gif]
[recruit.ehyundai.com/images/icon/apply_proc_bg3_t2.gif]
[recruit.ehyundai.com/images/icon/apply_proc_bg4_t2.gif]
[recruit.ehyundai.com/images/icon/apply_pror_bg1_t2.gif]
[recruit.ehyundai.com/images/icon/apply_pror_bg2_t2.gif]
[recruit.ehyundai.com/images/icon/apply_pror_bg3_t2.gif]
[recruit.ehyundai.com/images/icon/main_v1_t.jpg]
[recruit.ehyundai.com/images/icon/main_v2_t.jpg]
[recruit.ehyundai.com/images/icon/main_v3_t.jpg]
[recruit.ehyundai.com/images/icon/main_v4_t.jpg]
[recruit.ehyundai.com/images/btn/main_con_bt_t.png]
[recruit.ehyundai.com/images/btn/main_con_bt_n_t.png]
[recruit.ehyundai.com/images/btn/main_con_bt_c_t.png]
[recruit.ehyundai.com/images/btn/main_noti_bt_t.png]
[recruit.ehyundai.com/images/icon/tab3_t.gif]
[recruit.ehyundai.com/images/icon/tab3_t_on.gif]
[recruit.ehyundai.com/images/txt/joinpro_txt1_t.gif]
[recruit.ehyundai.com/images/txt/joinpro_txt2_t.gif]
[recruit.ehyundai.com/images/txt/joinpro_txt3_t.gif]
[recruit.ehyundai.com/images/txt/vision_txt2_t.jpg]
[recruit.ehyundai.com/images/txt/vision_txt3_t.gif]
[recruit.ehyundai.com/images/btn/db_regi_bt1_two.png]
[recruit.ehyundai.com/images/btn/db_regi_bt6_two.png]
[recruit.ehyundai.com/images/btn/db_regi_bt7_two.png]
[recruit.ehyundai.com/images/btn/db_regi_bt11_two.png]
[recruit.ehyundai.com/images/btn/db_regi_bt12_two.png]
[recruit.ehyundai.com/images/btn/db_regi_bt16_two.png]
[recruit.ehyundai.com/images/btn/db_regi_bt1_two_on.png]
[recruit.ehyundai.com/images/btn/db_regi_bt6_two_on.png]
[recruit.ehyundai.com/images/btn/db_regi_bt7_two_on.png]
[recruit.ehyundai.com/images/btn/db_regi_bt11_two_on.png]
[recruit.ehyundai.com/images/btn/db_regi_bt12_two_on.png]
[recruit.ehyundai.com/images/btn/db_regi_bt16_two_on.png]
[recruit.ehyundai.com/images/btn/db_regi_bt1_off.png]
[recruit.ehyundai.com/images/btn/db_regi_bt6_off.png]
[recruit.ehyundai.com/images/btn/db_regi_bt7_off.png]
[recruit.ehyundai.com/images/btn/db_regi_bt11_off.png]
[recruit.ehyundai.com/images/btn/db_regi_bt12_off.png]
[recruit.ehyundai.com/images/btn/db_regi_bt16_off.png]
[recruit.ehyundai.com/images/icon/apply_pro_bg1_t.gif]
[recruit.ehyundai.com/images/icon/apply_pro_bg2_t.gif]
[recruit.ehyundai.com/images/icon/apply_pro_bg3_t.gif]
[recruit.ehyundai.com/images/icon/apply_pro_bg4_t.gif]
[recruit.ehyundai.com/images/icon/apply_pro_bg5_t.gif]
[recruit.ehyundai.com/images/icon/apply_proc_bg1_t.gif]
[recruit.ehyundai.com/images/icon/apply_proc_bg2_t.gif]
[recruit.ehyundai.com/images/icon/apply_proc_bg3_t.gif]
[recruit.ehyundai.com/images/icon/apply_proc_bg4_t.gif]
[recruit.ehyundai.com/images/icon/apply_pror_bg1_t.gif]
[recruit.ehyundai.com/images/icon/apply_pror_bg2_t.gif]
[recruit.ehyundai.com/images/icon/apply_pror_bg3_t.gif]
[recruit.ehyundai.com/images/txt/rec1_proc1_t.gif]
[recruit.ehyundai.com/images/txt/rec1_proc2_t.gif]
[recruit.ehyundai.com/images/txt/rec1_proc3_t.gif]
[recruit.ehyundai.com/images/txt/rec2_proc1_t.gif]
[recruit.ehyundai.com/images/txt/rec2_proc2_t.gif]
[recruit.ehyundai.com/images/txt/rec2_proc3_t.gif]
[recruit.ehyundai.com/images/txt/rec3_proc1_t.gif]
[recruit.ehyundai.com/images/txt/rec3_proc2_t.gif]
[recruit.ehyundai.com/images/txt/rec3_proc3_t.gif]
[recruit.ehyundai.com/images/txt/rec3_proc4_t.gif]
[recruit.ehyundai.com/images/txt/rec3_proc5_t.gif]
[recruit.ehyundai.com/images/txt/rec4_proc1_t.gif]
[recruit.ehyundai.com/images/txt/rec4_proc2_t.gif]
[recruit.ehyundai.com/images/txt/rec4_proc3_t.gif]
[recruit.ehyundai.com/images/txt/rec4_proc4_t.gif]
[recruit.ehyundai.com/images/txt/rec5_proc1_t.gif]
[recruit.ehyundai.com/images/txt/rec5_proc2_t.gif]
[recruit.ehyundai.com/images/txt/rec5_proc3_t.gif]
[recruit.ehyundai.com/images/txt/rec6_proc1_t.gif]
[recruit.ehyundai.com/images/txt/rec6_proc2_t.gif]
[recruit.ehyundai.com/images/txt/rec6_proc3_t.gif]
[recruit.ehyundai.com/images/txt/rec6_proc4_t.gif]
[recruit.ehyundai.com/images/txt/rec7_proc1_t.gif]
[recruit.ehyundai.com/images/txt/rec7_proc2_t.gif]
[recruit.ehyundai.com/images/txt/rec8_proc1_t.gif]
[recruit.ehyundai.com/images/txt/rec8_proc2_t.gif]
[recruit.ehyundai.com/images/txt/rec8_proc3_t.gif]
[recruit.ehyundai.com/images/txt/rec9_proc1_t.gif]
[recruit.ehyundai.com/images/txt/rec9_proc2_t.gif]
[recruit.ehyundai.com/images/txt/rec9_proc3_t.gif]
[recruit.ehyundai.com/images/txt/rec10_proc1_t.gif]
[recruit.ehyundai.com/images/txt/rec10_proc2_t.gif]
[recruit.ehyundai.com/images/txt/rec10_proc3_t.gif]
[recruit.ehyundai.com/images/txt/rec10_proc4_t.gif]
[recruit.ehyundai.com/images/txt/rec11_proc1_t.gif]
[recruit.ehyundai.com/images/txt/rec11_proc2_t.gif]
[recruit.ehyundai.com/images/txt/rec11_proc3_t.gif]
[recruit.ehyundai.com/images/txt/rec12_proc1_t.gif]
[recruit.ehyundai.com/images/txt/rec12_proc2_t.gif]
[recruit.ehyundai.com/images/txt/rec13_proc1_t.gif]
[recruit.ehyundai.com/images/txt/rec13_proc2_t.gif]
[recruit.ehyundai.com/images/txt/rec13_proc3_t.gif]
[recruit.ehyundai.com/images/txt/rec14_proc1_t.gif]
[recruit.ehyundai.com/images/txt/rec14_proc2_t.gif]
[recruit.ehyundai.com/images/txt/rec15_proc1_t.gif]
[recruit.ehyundai.com/images/txt/rec15_proc2_t.gif]
[recruit.ehyundai.com/css/hyundai_r_style.css]
[recruit.ehyundai.com/css/style.css]
[recruit.ehyundai.com/css/jquery-ui-1.8.16.custom.css]
[recruit.ehyundai.com/css/jquery.fileupload.css]
[recruit.ehyundai.com/css/jquery.fileupload-ui.css]
[recruit.ehyundai.com/inquiry/faq/listc324.html]
[recruit.ehyundai.com/inquiry/faq/list3944.html]
[recruit.ehyundai.com/css/edit_style.css]
[recruit.ehyundai.com/images/icon/bar3x30.gif]
[recruit.ehyundai.com/images/icon/onedayBg.jpg]
[recruit.ehyundai.com/images/icon/spebub1_1.png]
[recruit.ehyundai.com/images/icon/spebub1_2.png]
[recruit.ehyundai.com/images/icon/spebub1_1t.png]
[recruit.ehyundai.com/images/icon/spebub1_1t2.png]
[recruit.ehyundai.com/images/icon/spebub2_1.png]
[recruit.ehyundai.com/images/icon/spebub2_2.png]
[recruit.ehyundai.com/images/icon/spebub2_1t.png]
[recruit.ehyundai.com/images/icon/spebub2_1t2.png]
[recruit.ehyundai.com/images/icon/spebub2_1t3.png]
[recruit.ehyundai.com/images/icon/spebub3_1.png]
[recruit.ehyundai.com/images/icon/spebub3_2.png]
[recruit.ehyundai.com/images/icon/spebub3_1t.png]
[recruit.ehyundai.com/images/icon/spebub3_1t2.png]
[recruit.ehyundai.com/images/icon/spebub3_1t3.png]
[recruit.ehyundai.com/images/icon/spebub4_1.png]
[recruit.ehyundai.com/images/icon/spebub4_2.png]
[recruit.ehyundai.com/images/icon/spebub4_1t.png]
[recruit.ehyundai.com/images/icon/spebub4_1t2.png]
[recruit.ehyundai.com/images/icon/spebub4_1t3.png]
[recruit.ehyundai.com/css/one_sche_style.css]
